[2026-09-16 14:57:58.685] [depthai] [warning] An optional NETWORK bootloader update is available (installed: 0.0.28, available: 0.0.29). Updating is recommended to improve device discoverability. Run 'depthai --flash' or 'depthai-core/utilities/flash_network_bootloader.py', or see https://docs.luxonis.com/software-v3/depthai/depthai-components/bootloader for more information.
Warning: Ignoring XDG_SESSION_TYPE=wayland on Gnome. Use QT_QPA_PLATFORM=wayland to run on Wayland anyway.
QFontDatabase: Cannot find font directory /home/henes-ad/.local/lib/python3.12/site-packages/cv2/qt/fonts.
Note that Qt no longer ships fonts. Deploy some (from https://dejavu-fonts.github.io/ for example) or switch to fontconfig.
QFontDatabase: Cannot find font directory /home/henes-ad/.local/lib/python3.12/site-packages/cv2/qt/fonts.
Note that Qt no longer ships fonts. Deploy some (from https://dejavu-fonts.github.io/ for example) or switch to fontconfig.
QFontDatabase: Cannot find font directory /home/henes-ad/.local/lib/python3.12/site-packages/cv2/qt/fonts.
Note that Qt no longer ships fonts. Deploy some (from https://dejavu-fonts.github.io/ for example) or switch to fontconfig.
QFontDatabase: Cannot find font directory /home/henes-ad/.local/lib/python3.12/site-packages/cv2/qt/fonts.
Note that Qt no longer ships fonts. Deploy some (from https://dejavu-fonts.github.io/ for example) or switch to fontconfig.
QFontDatabase: Cannot find font directory /home/henes-ad/.local/lib/python3.12/site-packages/cv2/qt/fonts.
Note that Qt no longer ships fonts. Deploy some (from https://dejavu-fonts.github.io/ for example) or switch to fontconfig.
FPS: 2.79
FPS: 19.62
FPS: 20.39
FPS: 20.72
FPS: 20.86
FPS: 20.96
FPS: 21.04
FPS: 21.09
FPS: 21.11
FPS: 21.14
FPS: 21.17
FPS: 21.19
FPS: 21.20
FPS: 21.20
FPS: 21.21
FPS: 21.22
FPS: 21.24
FPS: 21.25
FPS: 21.25
FPS: 21.26
FPS: 21.26
FPS: 21.27
FPS: 21.27
FPS: 21.28
FPS: 21.28
FPS: 21.29
FPS: 21.29
FPS: 21.30
FPS: 21.30
FPS: 21.30
FPS: 21.31
FPS: 21.31
FPS: 21.31
FPS: 21.31
FPS: 21.32
FPS: 21.32
FPS: 21.32
FPS: 21.32
FPS: 21.33
FPS: 21.33
FPS: 21.33
FPS: 21.33
FPS: 21.33
FPS: 21.34
FPS: 21.34
FPS: 21.34
FPS: 21.34
FPS: 21.34
FPS: 21.34
FPS: 21.34
FPS: 21.35
FPS: 21.35
FPS: 21.35
FPS: 21.35
FPS: 21.35
FPS: 21.35
FPS: 21.35
FPS: 21.35
FPS: 21.35
FPS: 21.35
FPS: 21.35
FPS: 21.35
FPS: 21.35
FPS: 21.35
FPS: 21.35
FPS: 21.35
